<h1>Book 1: EMF Eclipse Modeling Framework</h1>


<h2>Authors</h2>
<ul>
	<li>Dave Steinberg
	<li>Frank Budinsky
	<li>Marcelo Paternostro
	<li>Ed Merks
</ul>

<!-- protected region foo off begin -->
<!-- protected region foo end -->

<!-- protected region bar off begin -->
<!-- protected region bar end -->