
<h1>Books</h1>


<ul>
	<li><a href="EMFBook.html">EMF Eclipse Modeling Framework</a>
	<li><a href="EMPBook.html">Eclipse Modeling Project: A Domain-Specific Language (DSL) Toolkit</a>
</ul>