<h1>Hello world!</h1>
<h1>Book 1: EMF Eclipse Modeling Framework</h1>


<h2>Authors</h2>
<ul>
	<li>Dave Steinberg
	<li>Frank Budinsky
	<li>Marcelo Paternostro
	<li>Ed Merks
</ul>