<h1>Book 2: Eclipse Modeling Project: A Domain-Specific Language (DSL) Toolkit</h1>


<h2>Authors</h2>
<ul>
	<li>Richard Gronback
</ul>